// Jest Snapshot v1, https://goo.gl/fbAQLP

exports[`<LocationData /> should render correctly 1`] = `
<div>
  <div>
    <div>
      <h3
        className="title is-5 is-inline-block"
      >
        title
      </h3>
      <span
        className="field"
        hidden={false}
      >
        <button
          className="reset-button button is-small is-borderless is-danger inverted"
          onClick={[Function]}
          type="button"
        >
          <span
            className="icon is-small"
          >
            <i
              className="fa fa-trash"
            />
          </span>
        </button>
      </span>
    </div>
  </div>
  <div
    hidden={1}
  >
    <button
      className="get-data"
      onClick={[Function]}
    >
      My Location
    </button>
  </div>
  <div>
    <div
      className="margin-bottom-half"
    >
      <div
        className="title is-7 is-bold is-capitalized"
      >
        local
      </div>
      <div
        className="subtitle is-6"
      >
        local
      </div>
    </div>
    <div>
      
    </div>
  </div>
</div>
`;
