// Jest Snapshot v1, https://goo.gl/fbAQLP

exports[`<LocationData /> should render correctly 1`] = `
<div>
  <div>
    <div
      className="container"
    >
      <div
        className="notification is-primary info-balloon is-hidden"
      >
        <button
          className="delete"
          onClick={[Function]}
        />
        This is your data according to freejeoip.net at 
        
      </div>
      <button
        className="js-showInfo is-buttonless "
        disabled={true}
        onClick={[Function]}
      >
        <h3
          className="title is-5 is-inline-block"
        >
          title
        </h3>
        <span
          className="icon info-sign is-hidden"
        >
          <i
            className="fa fa-info-circle"
          />
        </span>
      </button>
      <span
        className="field"
        hidden={false}
      >
        <button
          className="reset-button button is-small is-borderless is-danger inverted text-bottom-align"
          onClick={[Function]}
          type="button"
        >
          <span
            className="icon"
          >
            <i
              className="fa fa-trash"
            />
          </span>
        </button>
      </span>
    </div>
  </div>
  <div
    className="section"
    hidden={1}
  >
    <button
      className="get-location-button is-buttonless pointer"
      onClick={[Function]}
    >
      <div
        className="icon button is-info is-rounded margin-bottom-half"
      >
        <i
          className="fa fa-map-marker"
        />
      </div>
      <div
        className="title is-6"
      >
        My Location
      </div>
    </button>
  </div>
  <div
    className="section"
    hidden={true}
  >
    <div
      className="content has-text-centered"
      hidden=""
    >
      Let's get some page info?
      <br />
      Type in a URL above
    </div>
  </div>
  <div
    className="is-danger has-text-centered help title is-6 has-new-line is-marginless"
  >
    
  </div>
  <div
    hidden=""
  />
</div>
`;
