// Jest Snapshot v1, https://goo.gl/fbAQLP

exports[`<Title /> should render correctly 1`] = `
<div
  className="has-text-centered"
>
  <h1
    className="title is-1"
  >
    GeoLocation Test
  </h1>
  <h2
    className="subtitle has-margin-bottom-10"
  >
    Find you and a website
  </h2>
</div>
`;
